Assuming unrestricted shared filesystem usage.
host: DTU-G7JF799XDG
Building DAG of jobs...
Using shell: /bin/bash
Provided cores: 4
Rules claiming more threads will be scaled down.
Job stats:
job                  count
-----------------  -------
preprocess_inputs        4
prepare_inputs           1
build_network            1
solve_network            1
plot_results             1
all                      1
total                    9

Select jobs to execute...
Execute 4 jobs...
[Wed Apr 15 01:19:26 2026]
localrule preprocess_inputs:
    output: data/Inputs_2024/.preprocessed
    log: logs/preprocess_inputs_2024.log
    jobid: 9
    reason: Missing output files: data/Inputs_2024/.preprocessed
    wildcards: year=2024
    resources: tmpdir=/var/folders/h1/7n48qbp150gc98q69g6l72vr0000gp/T
[Wed Apr 15 01:19:26 2026]
localrule preprocess_inputs:
    output: data/Inputs_2025/.preprocessed
    log: logs/preprocess_inputs_2025.log
    jobid: 10
    reason: Missing output files: data/Inputs_2025/.preprocessed
    wildcards: year=2025
    resources: tmpdir=/var/folders/h1/7n48qbp150gc98q69g6l72vr0000gp/T
[Wed Apr 15 01:19:26 2026]
localrule preprocess_inputs:
    output: data/Inputs_2022/.preprocessed
    log: logs/preprocess_inputs_2022.log
    jobid: 7
    reason: Missing output files: data/Inputs_2022/.preprocessed
    wildcards: year=2022
    resources: tmpdir=/var/folders/h1/7n48qbp150gc98q69g6l72vr0000gp/T
[Wed Apr 15 01:19:26 2026]
localrule preprocess_inputs:
    output: data/Inputs_2023/.preprocessed
    log: logs/preprocess_inputs_2023.log
    jobid: 8
    reason: Missing output files: data/Inputs_2023/.preprocessed
    wildcards: year=2023
    resources: tmpdir=/var/folders/h1/7n48qbp150gc98q69g6l72vr0000gp/T
[Wed Apr 15 01:20:47 2026]
Finished jobid: 7 (Rule: preprocess_inputs)
1 of 9 steps (11%) done
[Wed Apr 15 01:20:48 2026]
Finished jobid: 10 (Rule: preprocess_inputs)
2 of 9 steps (22%) done
[Wed Apr 15 01:20:55 2026]
Finished jobid: 9 (Rule: preprocess_inputs)
3 of 9 steps (33%) done
[Wed Apr 15 01:21:00 2026]
Finished jobid: 8 (Rule: preprocess_inputs)
4 of 9 steps (44%) done
Select jobs to execute...
Execute 1 jobs...
[Wed Apr 15 01:21:00 2026]
localrule prepare_inputs:
    input: data/Inputs_2022/.preprocessed, data/Inputs_2023/.preprocessed, data/Inputs_2024/.preprocessed, data/Inputs_2025/.preprocessed
    output: resources/inputs_2025.pkl
    log: logs/prepare_inputs_2025.log
    jobid: 6
    reason: Input files updated by another job: data/Inputs_2024/.preprocessed, data/Inputs_2025/.preprocessed, data/Inputs_2023/.preprocessed, data/Inputs_2022/.preprocessed; Set of input files has changed since last execution
    resources: tmpdir=/var/folders/h1/7n48qbp150gc98q69g6l72vr0000gp/T
[Wed Apr 15 01:21:03 2026]
Finished jobid: 6 (Rule: prepare_inputs)
5 of 9 steps (56%) done
Select jobs to execute...
Execute 1 jobs...
[Wed Apr 15 01:21:03 2026]
localrule build_network:
    input: resources/tech_costs.pkl, resources/inputs_2025.pkl
    output: resources/B_H_RE_H2_MEOH_METH_SN_ST_CO2_100_tD_H2_0_MeOH_4_CH4_300_2025_El_0.1_STC_H2_meth_dmd_DK_PRE.nc, resources/B_H_RE_H2_MEOH_METH_SN_ST_CO2_100_tD_H2_0_MeOH_4_CH4_300_2025_El_0.1_STC_H2_meth_dmd_DK_comp_alloc.pkl
    log: logs/build_network_B_H_RE_H2_MEOH_METH_SN_ST_CO2_100_tD_H2_0_MeOH_4_CH4_300_2025_El_0.1_STC_H2_meth_dmd_DK.log
    jobid: 3
    reason: Missing output files: resources/B_H_RE_H2_MEOH_METH_SN_ST_CO2_100_tD_H2_0_MeOH_4_CH4_300_2025_El_0.1_STC_H2_meth_dmd_DK_comp_alloc.pkl, resources/B_H_RE_H2_MEOH_METH_SN_ST_CO2_100_tD_H2_0_MeOH_4_CH4_300_2025_El_0.1_STC_H2_meth_dmd_DK_PRE.nc; Input files updated by another job: resources/inputs_2025.pkl
    wildcards: network=B_H_RE_H2_MEOH_METH_SN_ST_CO2_100_tD_H2_0_MeOH_4_CH4_300_2025_El_0.1_STC_H2_meth_dmd_DK
    resources: tmpdir=/var/folders/h1/7n48qbp150gc98q69g6l72vr0000gp/T
[Wed Apr 15 01:21:18 2026]
Finished jobid: 3 (Rule: build_network)
6 of 9 steps (67%) done
Select jobs to execute...
Execute 1 jobs...
[Wed Apr 15 01:21:18 2026]
localrule solve_network:
    input: resources/B_H_RE_H2_MEOH_METH_SN_ST_CO2_100_tD_H2_0_MeOH_4_CH4_300_2025_El_0.1_STC_H2_meth_dmd_DK_PRE.nc, resources/tech_costs.pkl, resources/B_H_RE_H2_MEOH_METH_SN_ST_CO2_100_tD_H2_0_MeOH_4_CH4_300_2025_El_0.1_STC_H2_meth_dmd_DK_comp_alloc.pkl
    output: outputs/single_analysis/B_H_RE_H2_MEOH_METH_SN_ST_CO2_100_tD_H2_0_MeOH_4_CH4_300_2025_El_0.1_STC_H2_meth_dmd_DK/networks/B_H_RE_H2_MEOH_METH_SN_ST_CO2_100_tD_H2_0_MeOH_4_CH4_300_2025_El_0.1_STC_H2_meth_dmd_DK_OPT.nc
    log: logs/solve_B_H_RE_H2_MEOH_METH_SN_ST_CO2_100_tD_H2_0_MeOH_4_CH4_300_2025_El_0.1_STC_H2_meth_dmd_DK.log
    jobid: 2
    reason: Missing output files: outputs/single_analysis/B_H_RE_H2_MEOH_METH_SN_ST_CO2_100_tD_H2_0_MeOH_4_CH4_300_2025_El_0.1_STC_H2_meth_dmd_DK/networks/B_H_RE_H2_MEOH_METH_SN_ST_CO2_100_tD_H2_0_MeOH_4_CH4_300_2025_El_0.1_STC_H2_meth_dmd_DK_OPT.nc; Input files updated by another job: resources/B_H_RE_H2_MEOH_METH_SN_ST_CO2_100_tD_H2_0_MeOH_4_CH4_300_2025_El_0.1_STC_H2_meth_dmd_DK_comp_alloc.pkl, resources/B_H_RE_H2_MEOH_METH_SN_ST_CO2_100_tD_H2_0_MeOH_4_CH4_300_2025_El_0.1_STC_H2_meth_dmd_DK_PRE.nc
    wildcards: network=B_H_RE_H2_MEOH_METH_SN_ST_CO2_100_tD_H2_0_MeOH_4_CH4_300_2025_El_0.1_STC_H2_meth_dmd_DK
    resources: tmpdir=/var/folders/h1/7n48qbp150gc98q69g6l72vr0000gp/T
[Wed Apr 15 01:25:56 2026]
Finished jobid: 2 (Rule: solve_network)
7 of 9 steps (78%) done
Select jobs to execute...
Execute 1 jobs...
[Wed Apr 15 01:25:56 2026]
localrule plot_results:
    input: outputs/single_analysis/B_H_RE_H2_MEOH_METH_SN_ST_CO2_100_tD_H2_0_MeOH_4_CH4_300_2025_El_0.1_STC_H2_meth_dmd_DK/networks/B_H_RE_H2_MEOH_METH_SN_ST_CO2_100_tD_H2_0_MeOH_4_CH4_300_2025_El_0.1_STC_H2_meth_dmd_DK_OPT.nc
    output: outputs/single_analysis/B_H_RE_H2_MEOH_METH_SN_ST_CO2_100_tD_H2_0_MeOH_4_CH4_300_2025_El_0.1_STC_H2_meth_dmd_DK/plots/.done
    log: logs/plot_B_H_RE_H2_MEOH_METH_SN_ST_CO2_100_tD_H2_0_MeOH_4_CH4_300_2025_El_0.1_STC_H2_meth_dmd_DK.log
    jobid: 1
    reason: Missing output files: outputs/single_analysis/B_H_RE_H2_MEOH_METH_SN_ST_CO2_100_tD_H2_0_MeOH_4_CH4_300_2025_El_0.1_STC_H2_meth_dmd_DK/plots/.done; Input files updated by another job: outputs/single_analysis/B_H_RE_H2_MEOH_METH_SN_ST_CO2_100_tD_H2_0_MeOH_4_CH4_300_2025_El_0.1_STC_H2_meth_dmd_DK/networks/B_H_RE_H2_MEOH_METH_SN_ST_CO2_100_tD_H2_0_MeOH_4_CH4_300_2025_El_0.1_STC_H2_meth_dmd_DK_OPT.nc
    wildcards: network=B_H_RE_H2_MEOH_METH_SN_ST_CO2_100_tD_H2_0_MeOH_4_CH4_300_2025_El_0.1_STC_H2_meth_dmd_DK
    resources: tmpdir=/var/folders/h1/7n48qbp150gc98q69g6l72vr0000gp/T
[Wed Apr 15 01:26:15 2026]
Finished jobid: 1 (Rule: plot_results)
8 of 9 steps (89%) done
Select jobs to execute...
Execute 1 jobs...
[Wed Apr 15 01:26:15 2026]
localrule all:
    input: outputs/single_analysis/B_H_RE_H2_MEOH_METH_SN_ST_CO2_100_tD_H2_0_MeOH_4_CH4_300_2025_El_0.1_STC_H2_meth_dmd_DK/plots/.done
    jobid: 0
    reason: Input files updated by another job: outputs/single_analysis/B_H_RE_H2_MEOH_METH_SN_ST_CO2_100_tD_H2_0_MeOH_4_CH4_300_2025_El_0.1_STC_H2_meth_dmd_DK/plots/.done
    resources: tmpdir=/var/folders/h1/7n48qbp150gc98q69g6l72vr0000gp/T
[Wed Apr 15 01:26:15 2026]
Finished jobid: 0 (Rule: all)
9 of 9 steps (100%) done
Complete log(s): /Users/albal/Library/CloudStorage/OneDrive-DanmarksTekniskeUniversitet/01_DTU_research/01_Projects/02_greenbubble/GLS_greenbubble/.snakemake/log/2026-04-15T011926.294327.snakemake.log
