Assuming unrestricted shared filesystem usage.
host: DTU-G7JF799XDG
Building DAG of jobs...
Using shell: /bin/bash
Provided cores: 1 (use --cores to define parallelism)
Rules claiming more threads will be scaled down.
Job stats:
job                  count
-----------------  -------
preprocess_inputs        1
prepare_inputs           1
build_network            1
solve_network            1
plot_results             1
all                      1
total                    6

Select jobs to execute...
Execute 1 jobs...
[Wed Apr 15 00:26:02 2026]
localrule preprocess_inputs:
    output: data/Inputs_2023/.preprocessed
    log: logs/preprocess_inputs_2023.log
    jobid: 0
    reason: Forced execution
    resources: tmpdir=/var/folders/h1/7n48qbp150gc98q69g6l72vr0000gp/T
[Wed Apr 15 00:26:36 2026]
Finished jobid: 0 (Rule: preprocess_inputs)
1 of 6 steps (17%) done
Select jobs to execute...
Execute 1 jobs...
[Wed Apr 15 00:26:36 2026]
localrule prepare_inputs:
    input: data/Inputs_2023/.preprocessed
    output: resources/inputs_2023.pkl
    log: logs/prepare_inputs_2023.log
    jobid: 7
    reason: Missing output files: resources/inputs_2023.pkl; Input files updated by another job: data/Inputs_2023/.preprocessed
    resources: tmpdir=/var/folders/h1/7n48qbp150gc98q69g6l72vr0000gp/T
[Wed Apr 15 00:26:39 2026]
Finished jobid: 7 (Rule: prepare_inputs)
2 of 6 steps (33%) done
Select jobs to execute...
Execute 1 jobs...
[Wed Apr 15 00:26:39 2026]
localrule build_network:
    input: resources/tech_costs.pkl, resources/inputs_2023.pkl
    output: resources/B_H_RE_H2_METH_SN_ST_CO2_100_tD_H2_0_MeOH_4_CH4_300_2023_El_0.1_STC_H2_meth_dmd_DK_PRE.nc, resources/B_H_RE_H2_METH_SN_ST_CO2_100_tD_H2_0_MeOH_4_CH4_300_2023_El_0.1_STC_H2_meth_dmd_DK_comp_alloc.pkl
    log: logs/build_network_B_H_RE_H2_METH_SN_ST_CO2_100_tD_H2_0_MeOH_4_CH4_300_2023_El_0.1_STC_H2_meth_dmd_DK.log
    jobid: 4
    reason: Missing output files: resources/B_H_RE_H2_METH_SN_ST_CO2_100_tD_H2_0_MeOH_4_CH4_300_2023_El_0.1_STC_H2_meth_dmd_DK_PRE.nc, resources/B_H_RE_H2_METH_SN_ST_CO2_100_tD_H2_0_MeOH_4_CH4_300_2023_El_0.1_STC_H2_meth_dmd_DK_comp_alloc.pkl; Input files updated by another job: resources/inputs_2023.pkl
    wildcards: network=B_H_RE_H2_METH_SN_ST_CO2_100_tD_H2_0_MeOH_4_CH4_300_2023_El_0.1_STC_H2_meth_dmd_DK
    resources: tmpdir=/var/folders/h1/7n48qbp150gc98q69g6l72vr0000gp/T
[Wed Apr 15 00:26:52 2026]
Finished jobid: 4 (Rule: build_network)
3 of 6 steps (50%) done
Select jobs to execute...
Execute 1 jobs...
[Wed Apr 15 00:26:52 2026]
localrule solve_network:
    input: resources/B_H_RE_H2_METH_SN_ST_CO2_100_tD_H2_0_MeOH_4_CH4_300_2023_El_0.1_STC_H2_meth_dmd_DK_PRE.nc, resources/tech_costs.pkl, resources/B_H_RE_H2_METH_SN_ST_CO2_100_tD_H2_0_MeOH_4_CH4_300_2023_El_0.1_STC_H2_meth_dmd_DK_comp_alloc.pkl
    output: outputs/single_analysis/B_H_RE_H2_METH_SN_ST_CO2_100_tD_H2_0_MeOH_4_CH4_300_2023_El_0.1_STC_H2_meth_dmd_DK/networks/B_H_RE_H2_METH_SN_ST_CO2_100_tD_H2_0_MeOH_4_CH4_300_2023_El_0.1_STC_H2_meth_dmd_DK_OPT.nc
    log: logs/solve_B_H_RE_H2_METH_SN_ST_CO2_100_tD_H2_0_MeOH_4_CH4_300_2023_El_0.1_STC_H2_meth_dmd_DK.log
    jobid: 3
    reason: Missing output files: outputs/single_analysis/B_H_RE_H2_METH_SN_ST_CO2_100_tD_H2_0_MeOH_4_CH4_300_2023_El_0.1_STC_H2_meth_dmd_DK/networks/B_H_RE_H2_METH_SN_ST_CO2_100_tD_H2_0_MeOH_4_CH4_300_2023_El_0.1_STC_H2_meth_dmd_DK_OPT.nc; Input files updated by another job: resources/B_H_RE_H2_METH_SN_ST_CO2_100_tD_H2_0_MeOH_4_CH4_300_2023_El_0.1_STC_H2_meth_dmd_DK_PRE.nc, resources/B_H_RE_H2_METH_SN_ST_CO2_100_tD_H2_0_MeOH_4_CH4_300_2023_El_0.1_STC_H2_meth_dmd_DK_comp_alloc.pkl
    wildcards: network=B_H_RE_H2_METH_SN_ST_CO2_100_tD_H2_0_MeOH_4_CH4_300_2023_El_0.1_STC_H2_meth_dmd_DK
    resources: tmpdir=/var/folders/h1/7n48qbp150gc98q69g6l72vr0000gp/T
[Wed Apr 15 00:30:19 2026]
Finished jobid: 3 (Rule: solve_network)
4 of 6 steps (67%) done
Select jobs to execute...
Execute 1 jobs...
[Wed Apr 15 00:30:19 2026]
localrule plot_results:
    input: outputs/single_analysis/B_H_RE_H2_METH_SN_ST_CO2_100_tD_H2_0_MeOH_4_CH4_300_2023_El_0.1_STC_H2_meth_dmd_DK/networks/B_H_RE_H2_METH_SN_ST_CO2_100_tD_H2_0_MeOH_4_CH4_300_2023_El_0.1_STC_H2_meth_dmd_DK_OPT.nc
    output: outputs/single_analysis/B_H_RE_H2_METH_SN_ST_CO2_100_tD_H2_0_MeOH_4_CH4_300_2023_El_0.1_STC_H2_meth_dmd_DK/plots/.done
    log: logs/plot_B_H_RE_H2_METH_SN_ST_CO2_100_tD_H2_0_MeOH_4_CH4_300_2023_El_0.1_STC_H2_meth_dmd_DK.log
    jobid: 2
    reason: Missing output files: outputs/single_analysis/B_H_RE_H2_METH_SN_ST_CO2_100_tD_H2_0_MeOH_4_CH4_300_2023_El_0.1_STC_H2_meth_dmd_DK/plots/.done; Input files updated by another job: outputs/single_analysis/B_H_RE_H2_METH_SN_ST_CO2_100_tD_H2_0_MeOH_4_CH4_300_2023_El_0.1_STC_H2_meth_dmd_DK/networks/B_H_RE_H2_METH_SN_ST_CO2_100_tD_H2_0_MeOH_4_CH4_300_2023_El_0.1_STC_H2_meth_dmd_DK_OPT.nc
    wildcards: network=B_H_RE_H2_METH_SN_ST_CO2_100_tD_H2_0_MeOH_4_CH4_300_2023_El_0.1_STC_H2_meth_dmd_DK
    resources: tmpdir=/var/folders/h1/7n48qbp150gc98q69g6l72vr0000gp/T
[Wed Apr 15 00:30:47 2026]
Finished jobid: 2 (Rule: plot_results)
5 of 6 steps (83%) done
Select jobs to execute...
Execute 1 jobs...
[Wed Apr 15 00:30:47 2026]
localrule all:
    input: outputs/single_analysis/B_H_RE_H2_METH_SN_ST_CO2_100_tD_H2_0_MeOH_4_CH4_300_2023_El_0.1_STC_H2_meth_dmd_DK/plots/.done
    jobid: 1
    reason: Input files updated by another job: outputs/single_analysis/B_H_RE_H2_METH_SN_ST_CO2_100_tD_H2_0_MeOH_4_CH4_300_2023_El_0.1_STC_H2_meth_dmd_DK/plots/.done
    resources: tmpdir=/var/folders/h1/7n48qbp150gc98q69g6l72vr0000gp/T
[Wed Apr 15 00:30:47 2026]
Finished jobid: 1 (Rule: all)
6 of 6 steps (100%) done
Complete log(s): /Users/albal/Library/CloudStorage/OneDrive-DanmarksTekniskeUniversitet/01_DTU_research/01_Projects/02_greenbubble/GLS_greenbubble/.snakemake/log/2026-04-15T002602.173560.snakemake.log
