Assuming unrestricted shared filesystem usage.
host: DTU-G7JF799XDG
Building DAG of jobs...
Using shell: /bin/bash
Provided cores: 1 (use --cores to define parallelism)
Rules claiming more threads will be scaled down.
Job stats:
job                   count
------------------  -------
preprocess_inputs         1
retrieve_tech_data        1
prepare_costs             1
prepare_inputs            1
build_network             1
solve_network             1
plot_results              1
all                       1
total                     8

Select jobs to execute...
Execute 1 jobs...
[Wed Apr 15 00:34:50 2026]
localrule retrieve_tech_data:
    output: data/technology-data/outputs/costs_2030.csv
    log: logs/retrieve_tech_data_2030.log
    jobid: 5
    reason: Forced execution
    resources: tmpdir=/var/folders/h1/7n48qbp150gc98q69g6l72vr0000gp/T
Select jobs to execute...
[Wed Apr 15 00:34:53 2026]
Finished jobid: 5 (Rule: retrieve_tech_data)
1 of 8 steps (12%) done
Execute 1 jobs...
[Wed Apr 15 00:34:53 2026]
localrule prepare_costs:
    input: data/technology-data/outputs/costs_2030.csv
    output: resources/tech_costs.pkl
    log: logs/prepare_costs.log
    jobid: 4
    reason: Forced execution
    resources: tmpdir=/var/folders/h1/7n48qbp150gc98q69g6l72vr0000gp/T
Select jobs to execute...
[Wed Apr 15 00:34:55 2026]
Finished jobid: 4 (Rule: prepare_costs)
2 of 8 steps (25%) done
Execute 1 jobs...
[Wed Apr 15 00:34:55 2026]
localrule preprocess_inputs:
    output: data/Inputs_2025/.preprocessed
    log: logs/preprocess_inputs_2025.log
    jobid: 7
    reason: Forced execution
    resources: tmpdir=/var/folders/h1/7n48qbp150gc98q69g6l72vr0000gp/T
[Wed Apr 15 00:35:17 2026]
Finished jobid: 7 (Rule: preprocess_inputs)
3 of 8 steps (38%) done
Select jobs to execute...
Execute 1 jobs...
[Wed Apr 15 00:35:17 2026]
localrule prepare_inputs:
    input: data/Inputs_2025/.preprocessed
    output: resources/inputs_2025.pkl
    log: logs/prepare_inputs_2025.log
    jobid: 6
    reason: Forced execution
    resources: tmpdir=/var/folders/h1/7n48qbp150gc98q69g6l72vr0000gp/T
[Wed Apr 15 00:35:19 2026]
Finished jobid: 6 (Rule: prepare_inputs)
4 of 8 steps (50%) done
Select jobs to execute...
Execute 1 jobs...
[Wed Apr 15 00:35:19 2026]
localrule build_network:
    input: resources/tech_costs.pkl, resources/inputs_2025.pkl
    output: resources/B_H_RE_H2_MEOH_METH_SN_ST_CO2_100_tD_H2_0_MeOH_4_CH4_300_2025_El_0.1_DET_H2_meth_dmd_DK_PRE.nc, resources/B_H_RE_H2_MEOH_METH_SN_ST_CO2_100_tD_H2_0_MeOH_4_CH4_300_2025_El_0.1_DET_H2_meth_dmd_DK_comp_alloc.pkl
    log: logs/build_network_B_H_RE_H2_MEOH_METH_SN_ST_CO2_100_tD_H2_0_MeOH_4_CH4_300_2025_El_0.1_DET_H2_meth_dmd_DK.log
    jobid: 3
    reason: Forced execution
    wildcards: network=B_H_RE_H2_MEOH_METH_SN_ST_CO2_100_tD_H2_0_MeOH_4_CH4_300_2025_El_0.1_DET_H2_meth_dmd_DK
    resources: tmpdir=/var/folders/h1/7n48qbp150gc98q69g6l72vr0000gp/T
[Wed Apr 15 00:35:31 2026]
Finished jobid: 3 (Rule: build_network)
5 of 8 steps (62%) done
Select jobs to execute...
Execute 1 jobs...
[Wed Apr 15 00:35:31 2026]
localrule solve_network:
    input: resources/B_H_RE_H2_MEOH_METH_SN_ST_CO2_100_tD_H2_0_MeOH_4_CH4_300_2025_El_0.1_DET_H2_meth_dmd_DK_PRE.nc, resources/tech_costs.pkl, resources/B_H_RE_H2_MEOH_METH_SN_ST_CO2_100_tD_H2_0_MeOH_4_CH4_300_2025_El_0.1_DET_H2_meth_dmd_DK_comp_alloc.pkl
    output: outputs/single_analysis/B_H_RE_H2_MEOH_METH_SN_ST_CO2_100_tD_H2_0_MeOH_4_CH4_300_2025_El_0.1_DET_H2_meth_dmd_DK/networks/B_H_RE_H2_MEOH_METH_SN_ST_CO2_100_tD_H2_0_MeOH_4_CH4_300_2025_El_0.1_DET_H2_meth_dmd_DK_OPT.nc
    log: logs/solve_B_H_RE_H2_MEOH_METH_SN_ST_CO2_100_tD_H2_0_MeOH_4_CH4_300_2025_El_0.1_DET_H2_meth_dmd_DK.log
    jobid: 2
    reason: Forced execution
    wildcards: network=B_H_RE_H2_MEOH_METH_SN_ST_CO2_100_tD_H2_0_MeOH_4_CH4_300_2025_El_0.1_DET_H2_meth_dmd_DK
    resources: tmpdir=/var/folders/h1/7n48qbp150gc98q69g6l72vr0000gp/T
[Wed Apr 15 00:35:58 2026]
Finished jobid: 2 (Rule: solve_network)
6 of 8 steps (75%) done
Select jobs to execute...
Execute 1 jobs...
[Wed Apr 15 00:35:58 2026]
localrule plot_results:
    input: outputs/single_analysis/B_H_RE_H2_MEOH_METH_SN_ST_CO2_100_tD_H2_0_MeOH_4_CH4_300_2025_El_0.1_DET_H2_meth_dmd_DK/networks/B_H_RE_H2_MEOH_METH_SN_ST_CO2_100_tD_H2_0_MeOH_4_CH4_300_2025_El_0.1_DET_H2_meth_dmd_DK_OPT.nc
    output: outputs/single_analysis/B_H_RE_H2_MEOH_METH_SN_ST_CO2_100_tD_H2_0_MeOH_4_CH4_300_2025_El_0.1_DET_H2_meth_dmd_DK/plots/.done
    log: logs/plot_B_H_RE_H2_MEOH_METH_SN_ST_CO2_100_tD_H2_0_MeOH_4_CH4_300_2025_El_0.1_DET_H2_meth_dmd_DK.log
    jobid: 1
    reason: Forced execution
    wildcards: network=B_H_RE_H2_MEOH_METH_SN_ST_CO2_100_tD_H2_0_MeOH_4_CH4_300_2025_El_0.1_DET_H2_meth_dmd_DK
    resources: tmpdir=/var/folders/h1/7n48qbp150gc98q69g6l72vr0000gp/T
[Wed Apr 15 00:36:03 2026]
Finished jobid: 1 (Rule: plot_results)
7 of 8 steps (88%) done
Select jobs to execute...
Execute 1 jobs...
[Wed Apr 15 00:36:03 2026]
localrule all:
    input: outputs/single_analysis/B_H_RE_H2_MEOH_METH_SN_ST_CO2_100_tD_H2_0_MeOH_4_CH4_300_2025_El_0.1_DET_H2_meth_dmd_DK/plots/.done
    jobid: 0
    reason: Forced execution
    resources: tmpdir=/var/folders/h1/7n48qbp150gc98q69g6l72vr0000gp/T
[Wed Apr 15 00:36:03 2026]
Finished jobid: 0 (Rule: all)
8 of 8 steps (100%) done
Complete log(s): /Users/albal/Library/CloudStorage/OneDrive-DanmarksTekniskeUniversitet/01_DTU_research/01_Projects/02_greenbubble/GLS_greenbubble/.snakemake/log/2026-04-15T003449.649827.snakemake.log
