Assuming unrestricted shared filesystem usage.
host: DTU-G7JF799XDG
Building DAG of jobs...
Using shell: /bin/bash
Provided cores: 1 (use --cores to define parallelism)
Rules claiming more threads will be scaled down.
Job stats:
job                  count
-----------------  -------
preprocess_inputs        1
prepare_inputs           1
build_network            1
solve_network            1
plot_results             1
all                      1
total                    6

Select jobs to execute...
Execute 1 jobs...
[Wed Apr 15 00:32:17 2026]
localrule preprocess_inputs:
    output: data/Inputs_2023/.preprocessed
    log: logs/preprocess_inputs_2023.log
    jobid: 7
    reason: Code has changed since last execution
    resources: tmpdir=/var/folders/h1/7n48qbp150gc98q69g6l72vr0000gp/T
[Wed Apr 15 00:32:42 2026]
Finished jobid: 7 (Rule: preprocess_inputs)
1 of 6 steps (17%) done
Select jobs to execute...
Execute 1 jobs...
[Wed Apr 15 00:32:42 2026]
localrule prepare_inputs:
    input: data/Inputs_2023/.preprocessed
    output: resources/inputs_2023.pkl
    log: logs/prepare_inputs_2023.log
    jobid: 6
    reason: Input files updated by another job: data/Inputs_2023/.preprocessed
    resources: tmpdir=/var/folders/h1/7n48qbp150gc98q69g6l72vr0000gp/T
[Wed Apr 15 00:32:45 2026]
Finished jobid: 6 (Rule: prepare_inputs)
2 of 6 steps (33%) done
Select jobs to execute...
Execute 1 jobs...
[Wed Apr 15 00:32:45 2026]
localrule build_network:
    input: resources/tech_costs.pkl, resources/inputs_2023.pkl
    output: resources/B_H_RE_H2_MEOH_METH_SN_ST_CO2_100_tD_H2_0_MeOH_4_CH4_300_2023_El_0.1_STC_H2_meth_dmd_DK_PRE.nc, resources/B_H_RE_H2_MEOH_METH_SN_ST_CO2_100_tD_H2_0_MeOH_4_CH4_300_2023_El_0.1_STC_H2_meth_dmd_DK_comp_alloc.pkl
    log: logs/build_network_B_H_RE_H2_MEOH_METH_SN_ST_CO2_100_tD_H2_0_MeOH_4_CH4_300_2023_El_0.1_STC_H2_meth_dmd_DK.log
    jobid: 3
    reason: Missing output files: resources/B_H_RE_H2_MEOH_METH_SN_ST_CO2_100_tD_H2_0_MeOH_4_CH4_300_2023_El_0.1_STC_H2_meth_dmd_DK_comp_alloc.pkl, resources/B_H_RE_H2_MEOH_METH_SN_ST_CO2_100_tD_H2_0_MeOH_4_CH4_300_2023_El_0.1_STC_H2_meth_dmd_DK_PRE.nc; Input files updated by another job: resources/inputs_2023.pkl
    wildcards: network=B_H_RE_H2_MEOH_METH_SN_ST_CO2_100_tD_H2_0_MeOH_4_CH4_300_2023_El_0.1_STC_H2_meth_dmd_DK
    resources: tmpdir=/var/folders/h1/7n48qbp150gc98q69g6l72vr0000gp/T
RuleException:
CalledProcessError in file "/Users/albal/Library/CloudStorage/OneDrive-DanmarksTekniskeUniversitet/01_DTU_research/01_Projects/02_greenbubble/GLS_greenbubble/rules/build.smk", line 44:
Command 'set -euo pipefail;  /opt/anaconda3/envs/greenbubble-pypsa107/bin/python3.11 /Users/albal/Library/CloudStorage/OneDrive-DanmarksTekniskeUniversitet/01_DTU_research/01_Projects/02_greenbubble/GLS_greenbubble/.snakemake/scripts/tmpcug497n6.snakemake_build_network.py' returned non-zero exit status 1.
[Wed Apr 15 00:32:59 2026]
Error in rule build_network:
    message: None
    jobid: 3
    input: resources/tech_costs.pkl, resources/inputs_2023.pkl
    output: resources/B_H_RE_H2_MEOH_METH_SN_ST_CO2_100_tD_H2_0_MeOH_4_CH4_300_2023_El_0.1_STC_H2_meth_dmd_DK_PRE.nc, resources/B_H_RE_H2_MEOH_METH_SN_ST_CO2_100_tD_H2_0_MeOH_4_CH4_300_2023_El_0.1_STC_H2_meth_dmd_DK_comp_alloc.pkl
    log: logs/build_network_B_H_RE_H2_MEOH_METH_SN_ST_CO2_100_tD_H2_0_MeOH_4_CH4_300_2023_El_0.1_STC_H2_meth_dmd_DK.log (check log file(s) for error details)
Shutting down, this might take some time.
Exiting because a job execution failed. Look below for error messages
[Wed Apr 15 00:32:59 2026]
Error in rule build_network:
    message: None
    jobid: 3
    input: resources/tech_costs.pkl, resources/inputs_2023.pkl
    output: resources/B_H_RE_H2_MEOH_METH_SN_ST_CO2_100_tD_H2_0_MeOH_4_CH4_300_2023_El_0.1_STC_H2_meth_dmd_DK_PRE.nc, resources/B_H_RE_H2_MEOH_METH_SN_ST_CO2_100_tD_H2_0_MeOH_4_CH4_300_2023_El_0.1_STC_H2_meth_dmd_DK_comp_alloc.pkl
    log: logs/build_network_B_H_RE_H2_MEOH_METH_SN_ST_CO2_100_tD_H2_0_MeOH_4_CH4_300_2023_El_0.1_STC_H2_meth_dmd_DK.log (check log file(s) for error details)
Complete log(s): /Users/albal/Library/CloudStorage/OneDrive-DanmarksTekniskeUniversitet/01_DTU_research/01_Projects/02_greenbubble/GLS_greenbubble/.snakemake/log/2026-04-15T003215.811458.snakemake.log
WorkflowError:
At least one job did not complete successfully.
