Assuming unrestricted shared filesystem usage.
host: DTU-G7JF799XDG
Building DAG of jobs...
Using shell: /bin/bash
Provided cores: 4
Rules claiming more threads will be scaled down.
Job stats:
job                  count
-----------------  -------
preprocess_inputs        4
prepare_inputs           1
build_network            1
solve_network            1
plot_results             1
all                      1
total                    9

Select jobs to execute...
Execute 4 jobs...
[Wed Apr 15 01:11:37 2026]
localrule preprocess_inputs:
    output: data/Inputs_2024/.preprocessed
    log: logs/preprocess_inputs_2024.log
    jobid: 9
    reason: Missing output files: data/Inputs_2024/.preprocessed
    wildcards: year=2024
    resources: tmpdir=/var/folders/h1/7n48qbp150gc98q69g6l72vr0000gp/T
[Wed Apr 15 01:11:37 2026]
localrule preprocess_inputs:
    output: data/Inputs_2025/.preprocessed
    log: logs/preprocess_inputs_2025.log
    jobid: 10
    reason: Missing output files: data/Inputs_2025/.preprocessed
    wildcards: year=2025
    resources: tmpdir=/var/folders/h1/7n48qbp150gc98q69g6l72vr0000gp/T
[Wed Apr 15 01:11:37 2026]
localrule preprocess_inputs:
    output: data/Inputs_2022/.preprocessed
    log: logs/preprocess_inputs_2022.log
    jobid: 7
    reason: Missing output files: data/Inputs_2022/.preprocessed
    wildcards: year=2022
    resources: tmpdir=/var/folders/h1/7n48qbp150gc98q69g6l72vr0000gp/T
[Wed Apr 15 01:11:37 2026]
localrule preprocess_inputs:
    output: data/Inputs_2023/.preprocessed
    log: logs/preprocess_inputs_2023.log
    jobid: 8
    reason: Missing output files: data/Inputs_2023/.preprocessed
    wildcards: year=2023
    resources: tmpdir=/var/folders/h1/7n48qbp150gc98q69g6l72vr0000gp/T
RuleException:
CalledProcessError in file "/Users/albal/Library/CloudStorage/OneDrive-DanmarksTekniskeUniversitet/01_DTU_research/01_Projects/02_greenbubble/GLS_greenbubble/rules/retrieve.smk", line 28:
Command 'set -euo pipefail;  /opt/anaconda3/envs/greenbubble-pypsa107/bin/python3.11 /Users/albal/Library/CloudStorage/OneDrive-DanmarksTekniskeUniversitet/01_DTU_research/01_Projects/02_greenbubble/GLS_greenbubble/.snakemake/scripts/tmpg5gqfg_h.snakemake_preprocess.py' returned non-zero exit status 1.
[Wed Apr 15 01:11:52 2026]
Error in rule preprocess_inputs:
    message: None
    jobid: 10
    output: data/Inputs_2025/.preprocessed
    log: logs/preprocess_inputs_2025.log (check log file(s) for error details)
RuleException:
CalledProcessError in file "/Users/albal/Library/CloudStorage/OneDrive-DanmarksTekniskeUniversitet/01_DTU_research/01_Projects/02_greenbubble/GLS_greenbubble/rules/retrieve.smk", line 28:
Command 'set -euo pipefail;  /opt/anaconda3/envs/greenbubble-pypsa107/bin/python3.11 /Users/albal/Library/CloudStorage/OneDrive-DanmarksTekniskeUniversitet/01_DTU_research/01_Projects/02_greenbubble/GLS_greenbubble/.snakemake/scripts/tmp6gwz9cyz.snakemake_preprocess.py' returned non-zero exit status 1.
[Wed Apr 15 01:11:53 2026]
Error in rule preprocess_inputs:
    message: None
    jobid: 9
    output: data/Inputs_2024/.preprocessed
    log: logs/preprocess_inputs_2024.log (check log file(s) for error details)
[Wed Apr 15 01:11:56 2026]
Finished jobid: 7 (Rule: preprocess_inputs)
1 of 9 steps (11%) done
[Wed Apr 15 01:11:57 2026]
Finished jobid: 8 (Rule: preprocess_inputs)
2 of 9 steps (22%) done
Shutting down, this might take some time.
Exiting because a job execution failed. Look below for error messages
[Wed Apr 15 01:11:57 2026]
Error in rule preprocess_inputs:
    message: None
    jobid: 9
    output: data/Inputs_2024/.preprocessed
    log: logs/preprocess_inputs_2024.log (check log file(s) for error details)
[Wed Apr 15 01:11:57 2026]
Error in rule preprocess_inputs:
    message: None
    jobid: 10
    output: data/Inputs_2025/.preprocessed
    log: logs/preprocess_inputs_2025.log (check log file(s) for error details)
Complete log(s): /Users/albal/Library/CloudStorage/OneDrive-DanmarksTekniskeUniversitet/01_DTU_research/01_Projects/02_greenbubble/GLS_greenbubble/.snakemake/log/2026-04-15T011137.290218.snakemake.log
WorkflowError:
At least one job did not complete successfully.
