Assuming unrestricted shared filesystem usage.
host: DTU-G7JF799XDG
Building DAG of jobs...
Using shell: /bin/bash
Provided cores: 1 (use --cores to define parallelism)
Rules claiming more threads will be scaled down.
Job stats:
job                   count
------------------  -------
preprocess_inputs         1
retrieve_tech_data        1
prepare_costs             1
prepare_inputs            1
build_network             1
solve_network             1
plot_results              1
all                       1
total                     8

Select jobs to execute...
Execute 1 jobs...
[Wed Apr 15 00:08:03 2026]
localrule retrieve_tech_data:
    output: data/technology-data/outputs/costs_2030.csv
    log: logs/retrieve_tech_data_2030.log
    jobid: 5
    reason: Code has changed since last execution
    resources: tmpdir=/var/folders/h1/7n48qbp150gc98q69g6l72vr0000gp/T
Select jobs to execute...
[Wed Apr 15 00:08:06 2026]
Finished jobid: 5 (Rule: retrieve_tech_data)
1 of 8 steps (12%) done
Execute 1 jobs...
[Wed Apr 15 00:08:06 2026]
localrule preprocess_inputs:
    output: data/Inputs_2023/.preprocessed
    log: logs/preprocess_inputs_2023.log
    jobid: 7
    reason: Missing output files: data/Inputs_2023/.preprocessed
    resources: tmpdir=/var/folders/h1/7n48qbp150gc98q69g6l72vr0000gp/T
Select jobs to execute...
RuleException:
CalledProcessError in file "/Users/albal/Library/CloudStorage/OneDrive-DanmarksTekniskeUniversitet/01_DTU_research/01_Projects/02_greenbubble/GLS_greenbubble/rules/retrieve.smk", line 25:
Command 'set -euo pipefail;  /opt/anaconda3/envs/greenbubble-pypsa107/bin/python3.11 /Users/albal/Library/CloudStorage/OneDrive-DanmarksTekniskeUniversitet/01_DTU_research/01_Projects/02_greenbubble/GLS_greenbubble/.snakemake/scripts/tmpqkeczqee.snakemake_preprocess.py' returned non-zero exit status 1.
[Wed Apr 15 00:08:09 2026]
Error in rule preprocess_inputs:
    message: None
    jobid: 7
    output: data/Inputs_2023/.preprocessed
    log: logs/preprocess_inputs_2023.log (check log file(s) for error details)
Shutting down, this might take some time.
Exiting because a job execution failed. Look below for error messages
[Wed Apr 15 00:08:09 2026]
Error in rule preprocess_inputs:
    message: None
    jobid: 7
    output: data/Inputs_2023/.preprocessed
    log: logs/preprocess_inputs_2023.log (check log file(s) for error details)
Complete log(s): /Users/albal/Library/CloudStorage/OneDrive-DanmarksTekniskeUniversitet/01_DTU_research/01_Projects/02_greenbubble/GLS_greenbubble/.snakemake/log/2026-04-15T000802.589754.snakemake.log
WorkflowError:
At least one job did not complete successfully.
